  Player.cpp
C:\Users\hikar\OneDrive\ドキュメント\GitHub\Team3\Knife Survivor\Src\Game\Player\Player.h(80,36): warning C4244: '=': 'int' から 'float' への変換です。データが失われる可能性があります。
  (ソース ファイル 'Src/Game/Player/Player.cpp' をコンパイルしています)
  
C:\Users\hikar\OneDrive\ドキュメント\GitHub\Team3\Knife Survivor\Src\Game\Player\Player.h(81,27): warning C4244: 'return': 'int' から 'float' への変換です。データが失われる可能性があります。
  (ソース ファイル 'Src/Game/Player/Player.cpp' をコンパイルしています)
  
C:\Users\hikar\OneDrive\ドキュメント\GitHub\Team3\Knife Survivor\Src\Game\Player\Player2.h(53,36): warning C4244: '=': 'int' から 'float' への変換です。データが失われる可能性があります。
  (ソース ファイル 'Src/Game/Player/Player.cpp' をコンパイルしています)
  
C:\Users\hikar\OneDrive\ドキュメント\GitHub\Team3\Knife Survivor\Src\Game\Player\Player2.h(54,27): warning C4244: 'return': 'int' から 'float' への変換です。データが失われる可能性があります。
  (ソース ファイル 'Src/Game/Player/Player.cpp' をコンパイルしています)
  
C:\Users\hikar\OneDrive\ドキュメント\GitHub\Team3\Knife Survivor\Src\Game\Player\Player.cpp(92,44): warning C4805: '==': 演算中の 'int' 型と 'bool' 型の混用は安全ではありません
C:\Users\hikar\OneDrive\ドキュメント\GitHub\Team3\Knife Survivor\Src\Game\Player\Player.cpp(133,11): warning C4305: '+=': 'double' から 'float' へ切り詰めます。
C:\Users\hikar\OneDrive\ドキュメント\GitHub\Team3\Knife Survivor\Src\Game\Player\Player.cpp(143,11): warning C4305: '+=': 'double' から 'float' へ切り詰めます。
C:\Users\hikar\OneDrive\ドキュメント\GitHub\Team3\Knife Survivor\Src\Game\Player\Player.cpp(154,11): warning C4305: '+=': 'double' から 'float' へ切り詰めます。
C:\Users\hikar\OneDrive\ドキュメント\GitHub\Team3\Knife Survivor\Src\Game\Player\Player.cpp(164,11): warning C4305: '+=': 'double' から 'float' へ切り詰めます。
C:\Users\hikar\OneDrive\ドキュメント\GitHub\Team3\Knife Survivor\Src\Game\Player\Player.cpp(183,31): warning C4805: '==': 演算中の 'int' 型と 'bool' 型の混用は安全ではありません
C:\Users\hikar\OneDrive\ドキュメント\GitHub\Team3\Knife Survivor\Src\Game\Player\Player.cpp(305,23): warning C4244: '引数': 'float' から 'int' への変換です。データが失われる可能性があります。
C:\Users\hikar\OneDrive\ドキュメント\GitHub\Team3\Knife Survivor\Src\Game\Player\Player.cpp(312,24): warning C4244: '引数': 'float' から 'int' への変換です。データが失われる可能性があります。
C:\Users\hikar\OneDrive\ドキュメント\GitHub\Team3\Knife Survivor\Src\Game\Player\Player.cpp(314,40): warning C4244: '引数': 'float' から 'int' への変換です。データが失われる可能性があります。
C:\Users\hikar\OneDrive\ドキュメント\GitHub\Team3\Knife Survivor\Src\Game\Player\Player.cpp(314,27): warning C4244: '引数': 'float' から 'int' への変換です。データが失われる可能性があります。
C:\Users\hikar\OneDrive\ドキュメント\GitHub\Team3\Knife Survivor\Src\Game\Player\Player.cpp(330,17): warning C4244: '=': 'float' から 'int' への変換です。データが失われる可能性があります。
  Player2.cpp
C:\Users\hikar\OneDrive\ドキュメント\GitHub\Team3\Knife Survivor\Src\Game\Player\Player.h(80,36): warning C4244: '=': 'int' から 'float' への変換です。データが失われる可能性があります。
  (ソース ファイル 'Src/Game/Player/Player2.cpp' をコンパイルしています)
  
C:\Users\hikar\OneDrive\ドキュメント\GitHub\Team3\Knife Survivor\Src\Game\Player\Player.h(81,27): warning C4244: 'return': 'int' から 'float' への変換です。データが失われる可能性があります。
  (ソース ファイル 'Src/Game/Player/Player2.cpp' をコンパイルしています)
  
C:\Users\hikar\OneDrive\ドキュメント\GitHub\Team3\Knife Survivor\Src\Game\Player\Player2.h(53,36): warning C4244: '=': 'int' から 'float' への変換です。データが失われる可能性があります。
  (ソース ファイル 'Src/Game/Player/Player2.cpp' をコンパイルしています)
  
C:\Users\hikar\OneDrive\ドキュメント\GitHub\Team3\Knife Survivor\Src\Game\Player\Player2.h(54,27): warning C4244: 'return': 'int' から 'float' への変換です。データが失われる可能性があります。
  (ソース ファイル 'Src/Game/Player/Player2.cpp' をコンパイルしています)
  
C:\Users\hikar\OneDrive\ドキュメント\GitHub\Team3\Knife Survivor\Src\Game\Player\Player2.cpp(90,45): warning C4805: '==': 演算中の 'int' 型と 'bool' 型の混用は安全ではありません
C:\Users\hikar\OneDrive\ドキュメント\GitHub\Team3\Knife Survivor\Src\Game\Player\Player2.cpp(128,11): warning C4305: '+=': 'double' から 'float' へ切り詰めます。
C:\Users\hikar\OneDrive\ドキュメント\GitHub\Team3\Knife Survivor\Src\Game\Player\Player2.cpp(138,11): warning C4305: '+=': 'double' から 'float' へ切り詰めます。
C:\Users\hikar\OneDrive\ドキュメント\GitHub\Team3\Knife Survivor\Src\Game\Player\Player2.cpp(149,11): warning C4305: '+=': 'double' から 'float' へ切り詰めます。
C:\Users\hikar\OneDrive\ドキュメント\GitHub\Team3\Knife Survivor\Src\Game\Player\Player2.cpp(159,11): warning C4305: '+=': 'double' から 'float' へ切り詰めます。
C:\Users\hikar\OneDrive\ドキュメント\GitHub\Team3\Knife Survivor\Src\Game\Player\Player2.cpp(177,32): warning C4805: '==': 演算中の 'int' 型と 'bool' 型の混用は安全ではありません
C:\Users\hikar\OneDrive\ドキュメント\GitHub\Team3\Knife Survivor\Src\Game\Player\Player2.cpp(294,24): warning C4244: '引数': 'float' から 'int' への変換です。データが失われる可能性があります。
C:\Users\hikar\OneDrive\ドキュメント\GitHub\Team3\Knife Survivor\Src\Game\Player\Player2.cpp(301,24): warning C4244: '引数': 'float' から 'int' への変換です。データが失われる可能性があります。
C:\Users\hikar\OneDrive\ドキュメント\GitHub\Team3\Knife Survivor\Src\Game\Player\Player2.cpp(303,40): warning C4244: '引数': 'float' から 'int' への変換です。データが失われる可能性があります。
C:\Users\hikar\OneDrive\ドキュメント\GitHub\Team3\Knife Survivor\Src\Game\Player\Player2.cpp(303,27): warning C4244: '引数': 'float' から 'int' への変換です。データが失われる可能性があります。
C:\Users\hikar\OneDrive\ドキュメント\GitHub\Team3\Knife Survivor\Src\Game\Player\Player2.cpp(318,17): warning C4244: '=': 'float' から 'int' への変換です。データが失われる可能性があります。
  コードを生成中...
C:\Users\hikar\OneDrive\ドキュメント\GitHub\Team3\Knife Survivor\Src\Game\Player\Player2.cpp(474,1): warning C4715: 'Player2::HitCheckPlayer2ToHpItem': 値を返さないコントロール パスがあります。
C:\Users\hikar\OneDrive\ドキュメント\GitHub\Team3\Knife Survivor\Src\Game\Player\Player2.cpp(405,1): warning C4715: 'Player2::HitCheckAttackToPlayer1': 値を返さないコントロール パスがあります。
C:\Users\hikar\OneDrive\ドキュメント\GitHub\Team3\Knife Survivor\Src\Game\Player\Player.cpp(427,1): warning C4715: 'Player::HitCheckAction1ToItem': 値を返さないコントロール パスがあります。
C:\Users\hikar\OneDrive\ドキュメント\GitHub\Team3\Knife Survivor\Src\Game\Player\Player.cpp(460,1): warning C4715: 'Player::HitCheckAttackToPlayer2': 値を返さないコントロール パスがあります。
C:\Users\hikar\OneDrive\ドキュメント\GitHub\Team3\Knife Survivor\Src\Game\Player\Player.cpp(483,1): warning C4715: 'Player::HitCheckPlayer1ToHpItem': 値を返さないコントロール パスがあります。
  SideScroll.vcxproj -> C:\Users\hikar\OneDrive\ドキュメント\GitHub\Team3\Knife Survivor\x64\Debug\SideScroll.exe
